../Core/Src/traffic_control_functions.c:93:6:Shift_Out_24	24	static
../Core/Src/traffic_control_functions.c:120:6:Output_Lights	8	static
../Core/Src/traffic_control_functions.c:127:6:Debounce_Button_Inputs	16	static
../Core/Src/traffic_control_functions.c:151:6:Debounce_Switch_Inputs	16	static
../Core/Src/traffic_control_functions.c:190:6:Upper_Pedestrian_Button_Pressed	4	static
../Core/Src/traffic_control_functions.c:195:6:Lower_Pedestrian_Button_Pressed	4	static
../Core/Src/traffic_control_functions.c:204:6:Car_Present	16	static
../Core/Src/traffic_control_functions.c:220:6:Vertical_Car_Sensor_Active	8	static
../Core/Src/traffic_control_functions.c:225:6:Horizontal_Car_Sensor_Active	8	static
../Core/Src/traffic_control_functions.c:234:6:light_set	24	static
../Core/Src/traffic_control_functions.c:281:6:lights_reset	4	static
