../Core/Src/traffic_control_functions.c:65:6:Shift_Out_24	24	static
../Core/Src/traffic_control_functions.c:89:6:Output_Lights	0	static
../Core/Src/traffic_control_functions.c:95:6:Debounce_Button_Inputs	16	static
../Core/Src/traffic_control_functions.c:116:6:Upper_Pedestrian_Button_Pressed	0	static
../Core/Src/traffic_control_functions.c:120:6:Lower_Pedestrian_Button_Pressed	0	static
../Core/Src/traffic_control_functions.c:124:6:light_set	8	static
../Core/Src/traffic_control_functions.c:168:6:lights_reset	0	static
