../Drivers/STM32L4xx_HAL_Driver/Src/stm32l4xx_hal_uart.c:3788:13:UART_EndRxTransfer	0	static,ignoring_inline_asm
../Drivers/STM32L4xx_HAL_Driver/Src/stm32l4xx_hal_uart.c:4210:13:UART_TxISR_8BIT.part.0	0	static,ignoring_inline_asm
../Drivers/STM32L4xx_HAL_Driver/Src/stm32l4xx_hal_uart.c:4210:13:UART_TxISR_8BIT	0	static
../Drivers/STM32L4xx_HAL_Driver/Src/stm32l4xx_hal_uart.c:4243:13:UART_TxISR_16BIT	0	static
../Drivers/STM32L4xx_HAL_Driver/Src/stm32l4xx_hal_uart.c:699:13:HAL_UART_MspInit	0	static
../Drivers/STM32L4xx_HAL_Driver/Src/stm32l4xx_hal_uart.c:714:13:HAL_UART_MspDeInit	0	static
../Drivers/STM32L4xx_HAL_Driver/Src/stm32l4xx_hal_uart.c:652:19:HAL_UART_DeInit	16	static
../Drivers/STM32L4xx_HAL_Driver/Src/stm32l4xx_hal_uart.c:1339:19:HAL_UART_Transmit_IT	0	static,ignoring_inline_asm
../Drivers/STM32L4xx_HAL_Driver/Src/stm32l4xx_hal_uart.c:1463:19:HAL_UART_Transmit_DMA	24	static,ignoring_inline_asm
../Drivers/STM32L4xx_HAL_Driver/Src/stm32l4xx_hal_uart.c:1569:19:HAL_UART_DMAPause	0	static,ignoring_inline_asm
../Drivers/STM32L4xx_HAL_Driver/Src/stm32l4xx_hal_uart.c:1599:19:HAL_UART_DMAResume	0	static,ignoring_inline_asm
../Drivers/STM32L4xx_HAL_Driver/Src/stm32l4xx_hal_uart.c:1630:19:HAL_UART_DMAStop	16	static,ignoring_inline_asm
../Drivers/STM32L4xx_HAL_Driver/Src/stm32l4xx_hal_uart.c:1705:19:HAL_UART_Abort	8	static,ignoring_inline_asm
../Drivers/STM32L4xx_HAL_Driver/Src/stm32l4xx_hal_uart.c:1812:19:HAL_UART_AbortTransmit	8	static,ignoring_inline_asm
../Drivers/STM32L4xx_HAL_Driver/Src/stm32l4xx_hal_uart.c:1875:19:HAL_UART_AbortReceive	8	static,ignoring_inline_asm
../Drivers/STM32L4xx_HAL_Driver/Src/stm32l4xx_hal_uart.c:2675:13:HAL_UART_TxCpltCallback	0	static
../Drivers/STM32L4xx_HAL_Driver/Src/stm32l4xx_hal_uart.c:3819:13:UART_DMATransmitCplt	8	static,ignoring_inline_asm
../Drivers/STM32L4xx_HAL_Driver/Src/stm32l4xx_hal_uart.c:2690:13:HAL_UART_TxHalfCpltCallback	0	static
../Drivers/STM32L4xx_HAL_Driver/Src/stm32l4xx_hal_uart.c:3851:13:UART_DMATxHalfCplt	8	static
../Drivers/STM32L4xx_HAL_Driver/Src/stm32l4xx_hal_uart.c:2705:13:HAL_UART_RxCpltCallback	0	static
../Drivers/STM32L4xx_HAL_Driver/Src/stm32l4xx_hal_uart.c:2720:13:HAL_UART_RxHalfCpltCallback	0	static
../Drivers/STM32L4xx_HAL_Driver/Src/stm32l4xx_hal_uart.c:2735:13:HAL_UART_ErrorCallback	0	static
../Drivers/STM32L4xx_HAL_Driver/Src/stm32l4xx_hal_uart.c:3986:13:UART_DMAError	8	static,ignoring_inline_asm
../Drivers/STM32L4xx_HAL_Driver/Src/stm32l4xx_hal_uart.c:4024:13:UART_DMAAbortOnError	8	static
../Drivers/STM32L4xx_HAL_Driver/Src/stm32l4xx_hal_uart.c:2750:13:HAL_UART_AbortCpltCallback	0	static
../Drivers/STM32L4xx_HAL_Driver/Src/stm32l4xx_hal_uart.c:1946:19:HAL_UART_Abort_IT	16	static,ignoring_inline_asm
../Drivers/STM32L4xx_HAL_Driver/Src/stm32l4xx_hal_uart.c:4098:13:UART_DMARxAbortCallback	8	static
../Drivers/STM32L4xx_HAL_Driver/Src/stm32l4xx_hal_uart.c:4045:13:UART_DMATxAbortCallback	8	static
../Drivers/STM32L4xx_HAL_Driver/Src/stm32l4xx_hal_uart.c:2765:13:HAL_UART_AbortTransmitCpltCallback	0	static
../Drivers/STM32L4xx_HAL_Driver/Src/stm32l4xx_hal_uart.c:2102:19:HAL_UART_AbortTransmit_IT	8	static,ignoring_inline_asm
../Drivers/STM32L4xx_HAL_Driver/Src/stm32l4xx_hal_uart.c:4146:13:UART_DMATxOnlyAbortCallback	8	static
../Drivers/STM32L4xx_HAL_Driver/Src/stm32l4xx_hal_uart.c:2780:13:HAL_UART_AbortReceiveCpltCallback	0	static
../Drivers/STM32L4xx_HAL_Driver/Src/stm32l4xx_hal_uart.c:2194:19:HAL_UART_AbortReceive_IT	8	static,ignoring_inline_asm
../Drivers/STM32L4xx_HAL_Driver/Src/stm32l4xx_hal_uart.c:4179:13:UART_DMARxOnlyAbortCallback	8	static
../Drivers/STM32L4xx_HAL_Driver/Src/stm32l4xx_hal_uart.c:2797:13:HAL_UARTEx_RxEventCallback	0	static
../Drivers/STM32L4xx_HAL_Driver/Src/stm32l4xx_hal_uart.c:2286:6:HAL_UART_IRQHandler	16	static,ignoring_inline_asm
../Drivers/STM32L4xx_HAL_Driver/Src/stm32l4xx_hal_uart.c:4387:13:UART_RxISR_8BIT	8	static,ignoring_inline_asm
../Drivers/STM32L4xx_HAL_Driver/Src/stm32l4xx_hal_uart.c:4482:13:UART_RxISR_16BIT	8	static,ignoring_inline_asm
../Drivers/STM32L4xx_HAL_Driver/Src/stm32l4xx_hal_uart.c:3938:13:UART_DMARxHalfCplt	8	static
../Drivers/STM32L4xx_HAL_Driver/Src/stm32l4xx_hal_uart.c:3869:13:UART_DMAReceiveCplt	8	static,ignoring_inline_asm
../Drivers/STM32L4xx_HAL_Driver/Src/stm32l4xx_hal_uart.c:2845:6:HAL_UART_ReceiverTimeout_Config	0	static
../Drivers/STM32L4xx_HAL_Driver/Src/stm32l4xx_hal_uart.c:2860:19:HAL_UART_EnableReceiverTimeout	0	static
../Drivers/STM32L4xx_HAL_Driver/Src/stm32l4xx_hal_uart.c:2898:19:HAL_UART_DisableReceiverTimeout	0	static
../Drivers/STM32L4xx_HAL_Driver/Src/stm32l4xx_hal_uart.c:2976:6:HAL_MultiProcessor_EnterMuteMode	0	static
../Drivers/STM32L4xx_HAL_Driver/Src/stm32l4xx_hal_uart.c:2986:19:HAL_HalfDuplex_EnableTransmitter	8	static,ignoring_inline_asm
../Drivers/STM32L4xx_HAL_Driver/Src/stm32l4xx_hal_uart.c:3009:19:HAL_HalfDuplex_EnableReceiver	8	static,ignoring_inline_asm
../Drivers/STM32L4xx_HAL_Driver/Src/stm32l4xx_hal_uart.c:3033:19:HAL_LIN_SendBreak	0	static
../Drivers/STM32L4xx_HAL_Driver/Src/stm32l4xx_hal_uart.c:3078:23:HAL_UART_GetState	0	static
../Drivers/STM32L4xx_HAL_Driver/Src/stm32l4xx_hal_uart.c:3094:10:HAL_UART_GetError	0	static
../Drivers/STM32L4xx_HAL_Driver/Src/stm32l4xx_hal_uart.c:3142:19:UART_SetConfig	16	static
../Drivers/STM32L4xx_HAL_Driver/Src/stm32l4xx_hal_uart.c:3397:6:UART_AdvFeatureConfig	8	static
../Drivers/STM32L4xx_HAL_Driver/Src/stm32l4xx_hal_uart.c:3548:19:UART_WaitOnFlagUntilTimeout	32	static
../Drivers/STM32L4xx_HAL_Driver/Src/stm32l4xx_hal_uart.c:1149:19:HAL_UART_Transmit	40	static
../Drivers/STM32L4xx_HAL_Driver/Src/stm32l4xx_hal_uart.c:1247:19:HAL_UART_Receive	40	static
../Drivers/STM32L4xx_HAL_Driver/Src/stm32l4xx_hal_uart.c:3471:19:UART_CheckIdleState	24	static,ignoring_inline_asm
../Drivers/STM32L4xx_HAL_Driver/Src/stm32l4xx_hal_uart.c:327:19:HAL_UART_Init	8	static
../Drivers/STM32L4xx_HAL_Driver/Src/stm32l4xx_hal_uart.c:402:19:HAL_HalfDuplex_Init	8	static
../Drivers/STM32L4xx_HAL_Driver/Src/stm32l4xx_hal_uart.c:477:19:HAL_LIN_Init	16	static
../Drivers/STM32L4xx_HAL_Driver/Src/stm32l4xx_hal_uart.c:576:19:HAL_MultiProcessor_Init	16	static
../Drivers/STM32L4xx_HAL_Driver/Src/stm32l4xx_hal_uart.c:2936:19:HAL_MultiProcessor_EnableMuteMode	0	static,ignoring_inline_asm
../Drivers/STM32L4xx_HAL_Driver/Src/stm32l4xx_hal_uart.c:2956:19:HAL_MultiProcessor_DisableMuteMode	0	static,ignoring_inline_asm
../Drivers/STM32L4xx_HAL_Driver/Src/stm32l4xx_hal_uart.c:3616:19:UART_Start_Receive_IT	0	static,ignoring_inline_asm
../Drivers/STM32L4xx_HAL_Driver/Src/stm32l4xx_hal_uart.c:1422:19:HAL_UART_Receive_IT	8	static,ignoring_inline_asm
../Drivers/STM32L4xx_HAL_Driver/Src/stm32l4xx_hal_uart.c:3710:19:UART_Start_Receive_DMA	16	static,ignoring_inline_asm
../Drivers/STM32L4xx_HAL_Driver/Src/stm32l4xx_hal_uart.c:1533:19:HAL_UART_Receive_DMA	8	static,ignoring_inline_asm
